host=rpg-93-3  job=140792  gpus=1
0, NVIDIA H100 NVL, 95830 MiB
-----------------------------------------------------------------
tuning artifacts/best_checkpoint_qwen25_3b_instruct.pt -> artifacts/ns_tuning_qwen25_3b_instruct.json
val utterances: 50
  searched 10/50
  searched 20/50
  searched 30/50
  searched 40/50
  searched 50/50

val AR beam baseline: WER 0.4060 CER 0.1864

top 15 NS (constrained beam) configs on validation:
  K=6 m=2 beta=0.00 kappa=0.00 gamma=0.45 alpha=0.0  WER 0.4060 CER 0.1829 EM 1400%
  K=6 m=2 beta=0.00 kappa=0.00 gamma=0.45 alpha=0.6  WER 0.4060 CER 0.1829 EM 1400%
  K=6 m=2 beta=0.00 kappa=0.00 gamma=1.00 alpha=0.0  WER 0.4060 CER 0.1829 EM 1400%
  K=6 m=2 beta=0.00 kappa=0.00 gamma=1.00 alpha=0.6  WER 0.4060 CER 0.1829 EM 1400%
  K=6 m=2 beta=0.00 kappa=0.00 gamma=2.00 alpha=0.0  WER 0.4060 CER 0.1829 EM 1400%
  K=6 m=2 beta=0.00 kappa=0.00 gamma=2.00 alpha=0.6  WER 0.4060 CER 0.1829 EM 1400%
  K=6 m=2 beta=0.00 kappa=0.20 gamma=0.45 alpha=0.0  WER 0.4060 CER 0.1829 EM 1400%
  K=6 m=2 beta=0.00 kappa=0.20 gamma=0.45 alpha=0.6  WER 0.4060 CER 0.1829 EM 1400%
  K=6 m=2 beta=0.00 kappa=0.20 gamma=1.00 alpha=0.0  WER 0.4060 CER 0.1829 EM 1400%
  K=6 m=2 beta=0.00 kappa=0.20 gamma=1.00 alpha=0.6  WER 0.4060 CER 0.1829 EM 1400%
  K=6 m=2 beta=0.00 kappa=0.20 gamma=2.00 alpha=0.0  WER 0.4060 CER 0.1829 EM 1400%
  K=6 m=2 beta=0.00 kappa=0.20 gamma=2.00 alpha=0.6  WER 0.4060 CER 0.1829 EM 1400%
  K=6 m=2 beta=0.00 kappa=0.40 gamma=0.45 alpha=0.0  WER 0.4060 CER 0.1829 EM 1400%
  K=6 m=2 beta=0.00 kappa=0.40 gamma=0.45 alpha=0.6  WER 0.4060 CER 0.1829 EM 1400%
  K=6 m=2 beta=0.00 kappa=0.40 gamma=1.00 alpha=0.0  WER 0.4060 CER 0.1829 EM 1400%

beam selection on the joint AR+CTC objective:
  K=  6 m=2: NS-alone 0.4060  best joint 0.4060 (running best)
  K=  6 m=4: NS-alone 0.4060  best joint 0.4060 (running best)
  K=  6 m=8: NS-alone 0.4060  best joint 0.4060 (running best)
  K= 12 m=2: NS-alone 0.4060  best joint 0.3835 (running best)
  K= 12 m=4: NS-alone 0.4060  best joint 0.3835 (running best)
  K= 12 m=8: NS-alone 0.4060  best joint 0.3835 (running best)
  K= 24 m=2: NS-alone 0.4060  best joint 0.3759 (running best)
  K= 24 m=4: NS-alone 0.4060  best joint 0.3759 (running best)
  K= 24 m=8: NS-alone 0.4211  best joint 0.3759 (running best)
  K= 48 m=2: NS-alone 0.4060  best joint 0.3383 (running best)
  K= 48 m=4: NS-alone 0.4060  best joint 0.3383 (running best)
  K= 48 m=8: NS-alone 0.4662  best joint 0.3383 (running best)

chosen: K=48 m=2 lambda~4.0 -> joint WER 0.3383
  ns_ctc_select length_norm=True: WER 0.4060
  ns_ctc_select length_norm=False: WER 0.4060
  ns_joint_rerank lambda=0.00: WER 0.4060
  ns_joint_rerank lambda=0.05: WER 0.3985
  ns_joint_rerank lambda=0.10: WER 0.3985
  ns_joint_rerank lambda=0.25: WER 0.3759
  ns_joint_rerank lambda=0.50: WER 0.3684
  ns_joint_rerank lambda=1.00: WER 0.3534
  ns_joint_rerank lambda=2.00: WER 0.3459
  ns_joint_rerank lambda=4.00: WER 0.3383
  ns_joint_rerank lambda=8.00: WER 0.3383
  ns_joint_adaptive best: WER 0.3383 at {'lambda0': 3.9, 'a': 0.0, 'b': 0.0}

=== validation ladder at tuned config ===
  ctc_greedy           WER 0.4286 CER 0.1551 EM 1800%
  ar_beam              WER 0.4060 CER 0.1864 EM 1400%
  ns                   WER 0.4060 CER 0.1864 EM 1400%
  ns_ctc_select        WER 0.4060 CER 0.1864 EM 1400%
  ns_joint_rerank      WER 0.3383 CER 0.1307 EM 3200%
  ns_joint_adaptive    WER 0.3383 CER 0.1307 EM 3200%

tuned NS config: {"beam": 48, "min_eos_len": 2, "beta": 0.0, "kappa": 0.0, "gamma": 0.45, "alpha": 0.0, "delta": 5.0, "ctc_select_lengthnorm": true, "lambda_fix": 4.0, "lambda0": 3.9, "a": 0.0, "b": 0.0}
wrote artifacts/ns_tuning_qwen25_3b_instruct.json
done -> artifacts/ns_tuning_qwen25_3b_instruct.json
